<html>
<body>
<pre>
<h1>µVision Build Log</h1>
<h2>Tool Versions:</h2>
IDE-Version: µVision V5.24.2.0
Copyright (C) 2017 ARM Ltd and ARM Germany GmbH. All rights reserved.
License Information: Joel Yuhas, Rochester Institute of Technology, LIC=----
 
Tool Versions:
Toolchain:       MDK-Lite  Version: 5.24.1
Toolchain Path:  C:\Keil_v5\ARM\ARMCC\Bin
C Compiler:      Armcc.exe V5.06 update 5 (build 528)
Assembler:       Armasm.exe V5.06 update 5 (build 528)
Linker/Locator:  ArmLink.exe V5.06 update 5 (build 528)
Library Manager: ArmAr.exe V5.06 update 5 (build 528)
Hex Converter:   FromElf.exe V5.06 update 5 (build 528)
CPU DLL:         SARMCM3.DLL V5.24.1
Dialog DLL:      DCM.DLL V1.16.0.0
Target DLL:      CMSIS_AGDI.dll V1.28.3.0
Dialog DLL:      TCM.DLL V1.32.0.0
 
<h2>Project:</h2>
C:\Users\Joel\Downloads\Lab06 Part4\lab_06.uvprojx
Project File Date:  04/04/2018

<h2>Output:</h2>
*** Using Compiler 'V5.06 update 5 (build 528)', folder: 'C:\Keil_v5\ARM\ARMCC\Bin'
Rebuild target 'Target 1'
assembling startup_MK64F12.s...
compiling main.c...
PWM.h(6): warning:  #1295-D: Deprecated declaration InitPWM - give arg types
  void InitPWM();
PWM.h(7): warning:  #1295-D: Deprecated declaration PWM_ISR - give arg types
  void PWM_ISR();
main.c(26): warning:  #1295-D: Deprecated declaration initialize - give arg types
  void initialize();
main.c(27): warning:  #1295-D: Deprecated declaration en_interrupts - give arg types
  void en_interrupts();
main.c(28): warning:  #1295-D: Deprecated declaration delay - give arg types
  void delay();
main.c(70): warning:  #223-D: function "sprintf" declared implicitly
  				sprintf(str,"%i\n\r",-1); // start value
main.c(87): warning:  #111-D: statement is unreachable
  	put("Running... \n\r");
main.c(100): warning:  #177-D: variable "dc"  was declared but never referenced
      uint16_t dc = 0;
main.c(102): warning:  #177-D: variable "dir"  was declared but never referenced
  		uint16_t dir = 0;
main.c(103): warning:  #177-D: variable "c"  was declared but never referenced
  		char c = 48;
main.c(104): warning:  #177-D: variable "i"  was declared but never referenced
  		int i=0;
main.c(185): warning:  #111-D: statement is unreachable
  	return 0;
main.c: 12 warnings, 0 errors
compiling pwm.c...
pwm.h(6): warning:  #1295-D: Deprecated declaration InitPWM - give arg types
  void InitPWM();
pwm.h(7): warning:  #1295-D: Deprecated declaration PWM_ISR - give arg types
  void PWM_ISR();
pwm.c: 2 warnings, 0 errors
compiling uart.c...
compiling system_MK64F12.c...
linking...
Program Size: Code=2700 RO-data=1056 RW-data=28 ZI-data=1476  
".\Objects\lab_06.axf" - 0 Error(s), 14 Warning(s).

<h2>Software Packages used:</h2>

Package Vendor: ARM
                http://www.keil.com/pack/ARM.CMSIS.5.0.1.pack
                ARM.CMSIS.5.0.1
                CMSIS (Cortex Microcontroller Software Interface Standard)
   * Component: CORE Version: 5.0.1

Package Vendor: Keil
                http://www.keil.com/pack/Keil.Kinetis_K60_DFP.1.5.0.pack
                Keil.Kinetis_K60_DFP.1.5.0
                NXP Kinetis K60 Series Device Support and Examples
   * Component: Startup Version: 1.0.0

<h2>Collection of Component include folders:</h2>
  .\RTE\_Target_1
  C:\Keil_v5\ARM\PACK\ARM\CMSIS\5.0.1\CMSIS\Include
  C:\Keil_v5\ARM\PACK\Keil\Kinetis_K60_DFP\1.5.0\Device\Include

<h2>Collection of Component Files used:</h2>

   * Component: Keil::Device:Startup:1.0.0
      Source file:   Device\Source\ARM\startup_MK64F12.s
      Source file:   Device\Source\system_MK64F12.c

   * Component: ARM::CMSIS:CORE:5.0.1
Build Time Elapsed:  00:00:03
</pre>
</body>
</html>
