Component: ARM Compiler 5.05 update 2 (build 169) Tool: armlink [4d0f33]

==============================================================================

Section Cross References

    exercise 10.o(MyCode) refers to start.o(Start) for Startup
    exercise 10.o(MyCode) refers to exercise 10.o(MyData) for RunStopWatch
    exercise 10.o(MyCode) refers to exercise 10.o(MyConst) for InitString
    exercise 10.o(RESET) refers to start.o(.ARM.__at_0x1FFFE000) for __initial_sp
    exercise 10.o(RESET) refers to exercise 10.o(MyCode) for Reset_Handler
    exercise 10.o(RESET) refers to start.o(Start) for Dummy_Handler


==============================================================================

Image Symbol Table

    Local Symbols

    Symbol Name                              Value     Ov Type        Size  Object(Section)

    RESET                                    0x00000000   Section      192  exercise 10.o(RESET)
    Exercise 10.s                            0x00000000   Number         0  exercise 10.o ABSOLUTE
    Start.s                                  0x00000000   Number         0  start.o ABSOLUTE
    .ARM.__at_0xC0                           0x000000c0   Section       64  start.o(.ARM.__at_0xC0)
    Start                                    0x00000100   Section      260  start.o(Start)
    MyConst                                  0x00000204   Section      204  exercise 10.o(MyConst)
    InitString                               0x00000204   Data          23  exercise 10.o(MyConst)
    TimeUnit                                 0x0000021b   Data          10  exercise 10.o(MyConst)
    Access                                   0x00000225   Data           9  exercise 10.o(MyConst)
    AccessDenined                            0x0000022e   Data          14  exercise 10.o(MyConst)
    AccessGranted                            0x0000023c   Data          15  exercise 10.o(MyConst)
    MissionAchomplished                      0x0000024b   Data          19  exercise 10.o(MyConst)
    .ARM.__at_0x400                          0x00000400   Section       16  start.o(.ARM.__at_0x400)
    MyCode                                   0x00000410   Section     1284  exercise 10.o(MyCode)
    PIT_ISR                                  0x0000076b   Thumb Code     0  exercise 10.o(MyCode)
    UART0_ISR                                0x0000081b   Thumb Code     0  exercise 10.o(MyCode)
    .ARM.__at_0x1FFFE000                     0x1fffe000   Section      256  start.o(.ARM.__at_0x1FFFE000)
    MyData                                   0x1fffe100   Section      312  exercise 10.o(MyData)
    RxQBuffer                                0x1fffe118   Data          80  exercise 10.o(MyData)
    RxQRecord                                0x1fffe168   Data          18  exercise 10.o(MyData)
    TxQBuffer                                0x1fffe17c   Data          80  exercise 10.o(MyData)
    TxQRecord                                0x1fffe1cc   Data          18  exercise 10.o(MyData)
    Count                                    0x1fffe1e0   Data           4  exercise 10.o(MyData)
    RunStopWatch                             0x1fffe1e4   Data           1  exercise 10.o(MyData)
    String                                   0x1fffe1e8   Data          79  exercise 10.o(MyData)

    Global Symbols

    Symbol Name                              Value     Ov Type        Size  Object(Section)

    BuildAttributes$$THM_ISAv3M$S$PE$A:L22$X:L11$S22$IEEE1$IW$USESV6$~STKCKD$USESV7$~SHL$OSPACE$EBA8$STANDARDLIB$EABIv2 0x00000000   Number         0  anon$$obj.o ABSOLUTE
    __Vectors                                0x00000000   Data           0  exercise 10.o(RESET)
    __Vectors_End                            0x000000c0   Data           0  exercise 10.o(RESET)
    __Vectors_Size                           0x000000c0   Number         0  exercise 10.o ABSOLUTE
    Startup                                  0x00000101   Thumb Code     0  start.o(Start)
    Dummy_Handler                            0x000001e1   Thumb Code     0  start.o(Start)
    Reset_Handler                            0x00000411   Thumb Code     0  exercise 10.o(MyCode)
    __initial_sp                             0x1fffe100   Data           0  start.o(.ARM.__at_0x1FFFE000)



==============================================================================

Memory Map of the image

  Image Entry point : 0x00000411

  Load Region LR_IROM1 (Base: 0x00000000, Size: 0x00000b4c, Max: 0x00040000, ABSOLUTE)

    Execution Region ER_IROM1 (Base: 0x00000000, Size: 0x00000914, Max: 0x00040000, ABSOLUTE)

    Base Addr    Size         Type   Attr      Idx    E Section Name        Object

    0x00000000   0x000000c0   Data   RO            2    RESET               exercise 10.o
    0x000000c0   0x00000040   Data   RO           10    .ARM.__at_0xC0      start.o
    0x00000100   0x00000104   Code   RO            9    Start               start.o
    0x00000204   0x000000cc   Data   RO            3    MyConst             exercise 10.o
    0x000002d0   0x00000130   PAD
    0x00000400   0x00000010   Code   RO           11    .ARM.__at_0x400     start.o
    0x00000410   0x00000504   Code   RO            1  * MyCode              exercise 10.o


    Execution Region RW_IRAM1 (Base: 0x1fffe000, Size: 0x00000238, Max: 0x00008000, ABSOLUTE)

    Base Addr    Size         Type   Attr      Idx    E Section Name        Object

    0x1fffe000   0x00000100   Data   RW           12    .ARM.__at_0x1FFFE000  start.o
    0x1fffe100   0x00000138   Data   RW            4    MyData              exercise 10.o


==============================================================================

Image component sizes


      Code (inc. data)   RO Data    RW Data    ZI Data      Debug   Object Name

      1284        218        396        312          0        748   exercise 10.o
       276         50         64        256          0        476   start.o

    ----------------------------------------------------------------------
      1560        268        764        568          0       1224   Object Totals
         0          0          0          0          0          0   (incl. Generated)
         0          0        304          0          0          0   (incl. Padding)

    ----------------------------------------------------------------------
         0          0          0          0          0          0   Library Totals
         0          0          0          0          0          0   (incl. Padding)

    ----------------------------------------------------------------------

==============================================================================


      Code (inc. data)   RO Data    RW Data    ZI Data      Debug   

      1560        268        764        568          0       1224   Grand Totals
      1560        268        764        568          0       1224   ELF Image Totals
      1560        268        764        568          0          0   ROM Totals

==============================================================================

    Total RO  Size (Code + RO Data)                 2324 (   2.27kB)
    Total RW  Size (RW Data + ZI Data)               568 (   0.55kB)
    Total ROM Size (Code + RO Data + RW Data)       2892 (   2.82kB)

==============================================================================

