Component: ARM Compiler 5.05 update 2 (build 169) Tool: armlink [4d0f33]

==============================================================================

Section Cross References

    exercise 06.o(MyCode) refers to start.o(Start) for Startup
    exercise 06.o(MyCode) refers to exercise 06.o(MyData) for String
    exercise 06.o(MyCode) refers to exercise 06.o(MyConst) for InitString
    exercise 06.o(RESET) refers to start.o(.ARM.__at_0x1FFFE000) for __initial_sp
    exercise 06.o(RESET) refers to exercise 06.o(MyCode) for Reset_Handler
    exercise 06.o(RESET) refers to start.o(Start) for Dummy_Handler


==============================================================================

Image Symbol Table

    Local Symbols

    Symbol Name                              Value     Ov Type        Size  Object(Section)

    RESET                                    0x00000000   Section      192  exercise 06.o(RESET)
    Exercise 06.s                            0x00000000   Number         0  exercise 06.o ABSOLUTE
    Start.s                                  0x00000000   Number         0  start.o ABSOLUTE
    .ARM.__at_0xC0                           0x000000c0   Section       64  start.o(.ARM.__at_0xC0)
    MyCode                                   0x00000100   Section      648  exercise 06.o(MyCode)
    MyConst                                  0x00000388   Section       44  exercise 06.o(MyConst)
    InitString                               0x00000388   Data          34  exercise 06.o(MyConst)
    Length                                   0x000003aa   Data           8  exercise 06.o(MyConst)
    .ARM.__at_0x400                          0x00000400   Section       16  start.o(.ARM.__at_0x400)
    Start                                    0x00000410   Section      260  start.o(Start)
    .ARM.__at_0x1FFFE000                     0x1fffe000   Section      256  start.o(.ARM.__at_0x1FFFE000)
    MyData                                   0x1fffe100   Section       80  exercise 06.o(MyData)
    String                                   0x1fffe100   Data          79  exercise 06.o(MyData)

    Global Symbols

    Symbol Name                              Value     Ov Type        Size  Object(Section)

    BuildAttributes$$THM_ISAv3M$S$PE$A:L22$X:L11$S22$IEEE1$IW$USESV6$~STKCKD$USESV7$~SHL$OSPACE$EBA8$STANDARDLIB$EABIv2 0x00000000   Number         0  anon$$obj.o ABSOLUTE
    __Vectors                                0x00000000   Data           0  exercise 06.o(RESET)
    __Vectors_End                            0x000000c0   Data           0  exercise 06.o(RESET)
    __Vectors_Size                           0x000000c0   Number         0  exercise 06.o ABSOLUTE
    Reset_Handler                            0x00000101   Thumb Code     0  exercise 06.o(MyCode)
    Startup                                  0x00000411   Thumb Code     0  start.o(Start)
    Dummy_Handler                            0x000004f1   Thumb Code     0  start.o(Start)
    __initial_sp                             0x1fffe100   Data           0  start.o(.ARM.__at_0x1FFFE000)



==============================================================================

Memory Map of the image

  Image Entry point : 0x00000101

  Load Region LR_1 (Base: 0x00000000, Size: 0x00000664, Max: 0xffffffff, ABSOLUTE)

    Execution Region ER_RO (Base: 0x00000000, Size: 0x00000514, Max: 0xffffffff, ABSOLUTE)

    Base Addr    Size         Type   Attr      Idx    E Section Name        Object

    0x00000000   0x000000c0   Data   RO            2    RESET               exercise 06.o
    0x000000c0   0x00000040   Data   RO           10    .ARM.__at_0xC0      start.o
    0x00000100   0x00000288   Code   RO            1  * MyCode              exercise 06.o
    0x00000388   0x0000002c   Data   RO            3    MyConst             exercise 06.o
    0x000003b4   0x0000004c   PAD
    0x00000400   0x00000010   Code   RO           11    .ARM.__at_0x400     start.o
    0x00000410   0x00000104   Code   RO            9    Start               start.o


    Execution Region ER_RW (Base: 0x1fffe000, Size: 0x00000150, Max: 0xffffffff, ABSOLUTE)

    Base Addr    Size         Type   Attr      Idx    E Section Name        Object

    0x1fffe000   0x00000100   Data   RW           12    .ARM.__at_0x1FFFE000  start.o
    0x1fffe100   0x00000050   Data   RW            4    MyData              exercise 06.o


    Execution Region ER_ZI (Base: 0x1fffe150, Size: 0x00000000, Max: 0xffffffff, ABSOLUTE)

    **** No section assigned to this execution region ****


==============================================================================

Image component sizes


      Code (inc. data)   RO Data    RW Data    ZI Data      Debug   Object Name

       648         82        236         80          0        496   exercise 06.o
       276         50         64        256          0        492   start.o

    ----------------------------------------------------------------------
       924        132        376        336          0        988   Object Totals
         0          0          0          0          0          0   (incl. Generated)
         0          0         76          0          0          0   (incl. Padding)

    ----------------------------------------------------------------------
         0          0          0          0          0          0   Library Totals
         0          0          0          0          0          0   (incl. Padding)

    ----------------------------------------------------------------------

==============================================================================


      Code (inc. data)   RO Data    RW Data    ZI Data      Debug   

       924        132        376        336          0        988   Grand Totals
       924        132        376        336          0        988   ELF Image Totals
       924        132        376        336          0          0   ROM Totals

==============================================================================

    Total RO  Size (Code + RO Data)                 1300 (   1.27kB)
    Total RW  Size (RW Data + ZI Data)               336 (   0.33kB)
    Total ROM Size (Code + RO Data + RW Data)       1636 (   1.60kB)

==============================================================================

