Component: ARM Compiler 5.05 update 2 (build 169) Tool: armlink [4d0f33]

==============================================================================

Section Cross References

    exercise 09.o(MyCode) refers to start.o(Start) for Startup
    exercise 09.o(MyCode) refers to exercise 09.o(MyData) for QRecord
    exercise 09.o(MyCode) refers to exercise 09.o(MyConst) for InitString
    exercise 09.o(RESET) refers to start.o(.ARM.__at_0x1FFFE000) for __initial_sp
    exercise 09.o(RESET) refers to exercise 09.o(MyCode) for Reset_Handler
    exercise 09.o(RESET) refers to start.o(Start) for Dummy_Handler


==============================================================================

Image Symbol Table

    Local Symbols

    Symbol Name                              Value     Ov Type        Size  Object(Section)

    RESET                                    0x00000000   Section      192  exercise 09.o(RESET)
    ..\..\Exercise 08\Start.s                0x00000000   Number         0  start.o ABSOLUTE
    Exercise 09.s                            0x00000000   Number         0  exercise 09.o ABSOLUTE
    .ARM.__at_0xC0                           0x000000c0   Section       64  start.o(.ARM.__at_0xC0)
    Start                                    0x00000100   Section      260  start.o(Start)
    MyConst                                  0x00000204   Section      176  exercise 09.o(MyConst)
    InitString                               0x00000204   Data          29  exercise 09.o(MyConst)
    Failure                                  0x00000221   Data          10  exercise 09.o(MyConst)
    Success                                  0x0000022b   Data          10  exercise 09.o(MyConst)
    Ln                                       0x00000235   Data           6  exercise 09.o(MyConst)
    Status                                   0x0000023b   Data           8  exercise 09.o(MyConst)
    Help                                     0x00000243   Data          58  exercise 09.o(MyConst)
    OUT                                      0x0000027d   Data           8  exercise 09.o(MyConst)
    Num                                      0x0000028d   Data           6  exercise 09.o(MyConst)
    CTE                                      0x00000293   Data          22  exercise 09.o(MyConst)
    DQGDS                                    0x000002a9   Data          10  exercise 09.o(MyConst)
    .ARM.__at_0x400                          0x00000400   Section       16  start.o(.ARM.__at_0x400)
    MyCode                                   0x00000410   Section     1260  exercise 09.o(MyCode)
    UART0_ISR                                0x000007ef   Thumb Code     0  exercise 09.o(MyCode)
    .ARM.__at_0x1FFFE000                     0x1fffe000   Section      256  start.o(.ARM.__at_0x1FFFE000)
    MyData                                   0x1fffe100   Section      304  exercise 09.o(MyData)
    QBuffer                                  0x1fffe100   Data           4  exercise 09.o(MyData)
    QRecord                                  0x1fffe104   Data          18  exercise 09.o(MyData)
    RxQBuffer                                0x1fffe118   Data          80  exercise 09.o(MyData)
    RxQRecord                                0x1fffe168   Data          18  exercise 09.o(MyData)
    TxQBuffer                                0x1fffe17c   Data          80  exercise 09.o(MyData)
    TxQRecord                                0x1fffe1cc   Data          18  exercise 09.o(MyData)

    Global Symbols

    Symbol Name                              Value     Ov Type        Size  Object(Section)

    BuildAttributes$$THM_ISAv3M$S$PE$A:L22$X:L11$S22$IEEE1$IW$USESV6$~STKCKD$USESV7$~SHL$OSPACE$EBA8$STANDARDLIB$EABIv2 0x00000000   Number         0  anon$$obj.o ABSOLUTE
    __Vectors                                0x00000000   Data           0  exercise 09.o(RESET)
    __Vectors_End                            0x000000c0   Data           0  exercise 09.o(RESET)
    __Vectors_Size                           0x000000c0   Number         0  exercise 09.o ABSOLUTE
    Startup                                  0x00000101   Thumb Code     0  start.o(Start)
    Dummy_Handler                            0x000001e1   Thumb Code     0  start.o(Start)
    Reset_Handler                            0x00000411   Thumb Code     0  exercise 09.o(MyCode)
    __initial_sp                             0x1fffe100   Data           0  start.o(.ARM.__at_0x1FFFE000)



==============================================================================

Memory Map of the image

  Image Entry point : 0x00000411

  Load Region LR_IROM1 (Base: 0x00000000, Size: 0x00000b2c, Max: 0x00040000, ABSOLUTE)

    Execution Region ER_IROM1 (Base: 0x00000000, Size: 0x000008fc, Max: 0x00040000, ABSOLUTE)

    Base Addr    Size         Type   Attr      Idx    E Section Name        Object

    0x00000000   0x000000c0   Data   RO            2    RESET               exercise 09.o
    0x000000c0   0x00000040   Data   RO           10    .ARM.__at_0xC0      start.o
    0x00000100   0x00000104   Code   RO            9    Start               start.o
    0x00000204   0x000000b0   Data   RO            3    MyConst             exercise 09.o
    0x000002b4   0x0000014c   PAD
    0x00000400   0x00000010   Code   RO           11    .ARM.__at_0x400     start.o
    0x00000410   0x000004ec   Code   RO            1  * MyCode              exercise 09.o


    Execution Region RW_IRAM1 (Base: 0x1fffe000, Size: 0x00000230, Max: 0x00008000, ABSOLUTE)

    Base Addr    Size         Type   Attr      Idx    E Section Name        Object

    0x1fffe000   0x00000100   Data   RW           12    .ARM.__at_0x1FFFE000  start.o
    0x1fffe100   0x00000130   Data   RW            4    MyData              exercise 09.o


==============================================================================

Image component sizes


      Code (inc. data)   RO Data    RW Data    ZI Data      Debug   Object Name

      1260        186        368        304          0        748   exercise 09.o
       276         50         64        256          0        540   start.o

    ----------------------------------------------------------------------
      1536        236        764        560          0       1288   Object Totals
         0          0          0          0          0          0   (incl. Generated)
         0          0        332          0          0          0   (incl. Padding)

    ----------------------------------------------------------------------
         0          0          0          0          0          0   Library Totals
         0          0          0          0          0          0   (incl. Padding)

    ----------------------------------------------------------------------

==============================================================================


      Code (inc. data)   RO Data    RW Data    ZI Data      Debug   

      1536        236        764        560          0       1288   Grand Totals
      1536        236        764        560          0       1288   ELF Image Totals
      1536        236        764        560          0          0   ROM Totals

==============================================================================

    Total RO  Size (Code + RO Data)                 2300 (   2.25kB)
    Total RW  Size (RW Data + ZI Data)               560 (   0.55kB)
    Total ROM Size (Code + RO Data + RW Data)       2860 (   2.79kB)

==============================================================================

