<html>
<body>
<pre>
<h1>µVision Build Log</h1>
<h2>Tool Versions:</h2>
IDE-Version: µVision V5.24.2.0
Copyright (C) 2017 ARM Ltd and ARM Germany GmbH. All rights reserved.
License Information: Joel Yuhas, Rochester Institute of Technology, LIC=----
 
Tool Versions:
Toolchain:       MDK-Lite  Version: 5.24.1
Toolchain Path:  C:\Keil_v5\ARM\ARMCC\Bin
C Compiler:      Armcc.exe V5.06 update 5 (build 528)
Assembler:       Armasm.exe V5.06 update 5 (build 528)
Linker/Locator:  ArmLink.exe V5.06 update 5 (build 528)
Library Manager: ArmAr.exe V5.06 update 5 (build 528)
Hex Converter:   FromElf.exe V5.06 update 5 (build 528)
CPU DLL:         SARMCM3.DLL V5.24.1
Dialog DLL:      DCM.DLL V1.16.0.0
Target DLL:      CMSIS_AGDI.dll V1.28.3.0
Dialog DLL:      TCM.DLL V1.32.0.0
 
<h2>Project:</h2>
C:\Users\Joel\Downloads\4_27\NXP_CUP_new\lab_06.uvprojx
Project File Date:  04/27/2018

<h2>Output:</h2>
*** Using Compiler 'V5.06 update 5 (build 528)', folder: 'C:\Keil_v5\ARM\ARMCC\Bin'
Rebuild target 'Target 1'
assembling startup_MK64F12.s...
compiling uart.c...
compiling pwm.c...
compiling system_MK64F12.c...
compiling main.c...
main.c(125): warning:  #177-D: variable "edge3"  was declared but never referenced
  		int edge3 = 0;
main.c(126): warning:  #177-D: variable "edge4"  was declared but never referenced
  		int edge4 = 0;
main.c(127): warning:  #177-D: variable "j1"  was declared but never referenced
  		double j1;
main.c(128): warning:  #177-D: variable "k1"  was declared but never referenced
  		int k1;
main.c(105): warning:  #177-D: variable "line_break"  was declared but never referenced
  	int line_break = 0;
main.c(724): warning:  #1035-D: single-precision operand implicitly converted to double-precision
  	
IT_LDVAL0 = (0.01*
NTEGRATION_TIME * DEFAULT_SYSTEM_CLOCK);
main.c: 6 warnings, 0 errors
linking...
Program Size: Code=6260 RO-data=1056 RW-data=212 ZI-data=3012  
".\Objects\lab_06.axf" - 0 Error(s), 6 Warning(s).

<h2>Software Packages used:</h2>

Package Vendor: ARM
                http://www.keil.com/pack/ARM.CMSIS.5.0.1.pack
                ARM.CMSIS.5.0.1
                CMSIS (Cortex Microcontroller Software Interface Standard)
   * Component: CORE Version: 5.0.1

Package Vendor: Keil
                http://www.keil.com/pack/Keil.Kinetis_K60_DFP.1.5.0.pack
                Keil.Kinetis_K60_DFP.1.5.0
                NXP Kinetis K60 Series Device Support and Examples
   * Component: Startup Version: 1.0.0

<h2>Collection of Component include folders:</h2>
  .\RTE\_Target_1
  C:\Keil_v5\ARM\PACK\ARM\CMSIS\5.0.1\CMSIS\Include
  C:\Keil_v5\ARM\PACK\Keil\Kinetis_K60_DFP\1.5.0\Device\Include

<h2>Collection of Component Files used:</h2>

   * Component: Keil::Device:Startup:1.0.0
      Source file:   Device\Source\system_MK64F12.c
      Source file:   Device\Source\ARM\startup_MK64F12.s

   * Component: ARM::CMSIS:CORE:5.0.1
Build Time Elapsed:  00:00:01
</pre>
</body>
</html>
