Component: ARM Compiler 5.06 update 1 (build 61) Tool: armlink [4d35a8]

==============================================================================

Section Cross References

    exercise 08.o(MyCode) refers to start.o(Start) for Startup
    exercise 08.o(MyCode) refers to exercise 08.o(MyConst) for InitialC
    exercise 08.o(MyCode) refers to exercise 08.o(MyData) for String
    exercise 08.o(RESET) refers to start.o(.ARM.__at_0x1FFFE000) for __initial_sp
    exercise 08.o(RESET) refers to exercise 08.o(MyCode) for Reset_Handler
    exercise 08.o(RESET) refers to start.o(Start) for Dummy_Handler


==============================================================================

Image Symbol Table

    Local Symbols

    Symbol Name                              Value     Ov Type        Size  Object(Section)

    RESET                                    0x00000000   Section      192  exercise 08.o(RESET)
    Exercise 08.s                            0x00000000   Number         0  exercise 08.o ABSOLUTE
    Start.s                                  0x00000000   Number         0  start.o ABSOLUTE
    .ARM.__at_0xC0                           0x000000c0   Section       64  start.o(.ARM.__at_0xC0)
    Start                                    0x00000100   Section      260  start.o(Start)
    MyConst                                  0x00000204   Section      212  exercise 08.o(MyConst)
    InitString                               0x00000204   Data          37  exercise 08.o(MyConst)
    InvalidC                                 0x00000229   Data          17  exercise 08.o(MyConst)
    InitialC                                 0x0000023a   Data          15  exercise 08.o(MyConst)
    Help                                     0x0000026b   Data          54  exercise 08.o(MyConst)
    .ARM.__at_0x400                          0x00000400   Section       16  start.o(.ARM.__at_0x400)
    MyCode                                   0x00000410   Section      800  exercise 08.o(MyCode)
    .ARM.__at_0x1FFFE000                     0x1fffe000   Section      256  start.o(.ARM.__at_0x1FFFE000)
    MyData                                   0x1fffe100   Section      160  exercise 08.o(MyData)
    String                                   0x1fffe100   Data          79  exercise 08.o(MyData)

    Global Symbols

    Symbol Name                              Value     Ov Type        Size  Object(Section)

    BuildAttributes$$THM_ISAv3M$S$PE$A:L22$X:L11$S22$IEEE1$IW$USESV6$~STKCKD$USESV7$~SHL$OSPACE$EBA8$STANDARDLIB$EABIv2 0x00000000   Number         0  anon$$obj.o ABSOLUTE
    __Vectors                                0x00000000   Data           0  exercise 08.o(RESET)
    __Vectors_End                            0x000000c0   Data           0  exercise 08.o(RESET)
    __Vectors_Size                           0x000000c0   Number         0  exercise 08.o ABSOLUTE
    Startup                                  0x00000101   Thumb Code     0  start.o(Start)
    Dummy_Handler                            0x000001e1   Thumb Code     0  start.o(Start)
    Reset_Handler                            0x00000411   Thumb Code     0  exercise 08.o(MyCode)
    __initial_sp                             0x1fffe100   Data           0  start.o(.ARM.__at_0x1FFFE000)



==============================================================================

Memory Map of the image

  Image Entry point : 0x00000411

  Load Region LR_IROM1 (Base: 0x00000000, Size: 0x000008d0, Max: 0x00040000, ABSOLUTE)

    Execution Region ER_IROM1 (Base: 0x00000000, Size: 0x00000730, Max: 0x00040000, ABSOLUTE)

    Base Addr    Size         Type   Attr      Idx    E Section Name        Object

    0x00000000   0x000000c0   Data   RO            2    RESET               exercise 08.o
    0x000000c0   0x00000040   Data   RO           10    .ARM.__at_0xC0      start.o
    0x00000100   0x00000104   Code   RO            9    Start               start.o
    0x00000204   0x000000d4   Data   RO            3    MyConst             exercise 08.o
    0x000002d8   0x00000128   PAD
    0x00000400   0x00000010   Code   RO           11    .ARM.__at_0x400     start.o
    0x00000410   0x00000320   Code   RO            1  * MyCode              exercise 08.o


    Execution Region RW_IRAM1 (Base: 0x1fffe000, Size: 0x000001a0, Max: 0x00008000, ABSOLUTE)

    Base Addr    Size         Type   Attr      Idx    E Section Name        Object

    0x1fffe000   0x00000100   Data   RW           12    .ARM.__at_0x1FFFE000  start.o
    0x1fffe100   0x000000a0   Data   RW            4    MyData              exercise 08.o


==============================================================================

Image component sizes


      Code (inc. data)   RO Data    RW Data    ZI Data      Debug   Object Name

       800         92        404        160          0        580   exercise 08.o
       276         50         64        256          0        476   start.o

    ----------------------------------------------------------------------
      1076        142        764        416          0       1056   Object Totals
         0          0          0          0          0          0   (incl. Generated)
         0          0        296          0          0          0   (incl. Padding)

    ----------------------------------------------------------------------
         0          0          0          0          0          0   Library Totals
         0          0          0          0          0          0   (incl. Padding)

    ----------------------------------------------------------------------

==============================================================================


      Code (inc. data)   RO Data    RW Data    ZI Data      Debug   

      1076        142        764        416          0       1056   Grand Totals
      1076        142        764        416          0       1056   ELF Image Totals
      1076        142        764        416          0          0   ROM Totals

==============================================================================

    Total RO  Size (Code + RO Data)                 1840 (   1.80kB)
    Total RW  Size (RW Data + ZI Data)               416 (   0.41kB)
    Total ROM Size (Code + RO Data + RW Data)       2256 (   2.20kB)

==============================================================================

