Component: ARM Compiler 5.05 update 2 (build 169) Tool: armlink [4d0f33]

==============================================================================

Section Cross References

    exercise 07.o(MyCode) refers to start.o(Start) for Startup
    exercise 07.o(MyCode) refers to exercise 07.o(MyData) for QRecord
    exercise 07.o(MyCode) refers to exercise 07.o(MyConst) for InitString
    exercise 07.o(RESET) refers to start.o(.ARM.__at_0x1FFFE000) for __initial_sp
    exercise 07.o(RESET) refers to exercise 07.o(MyCode) for Reset_Handler
    exercise 07.o(RESET) refers to start.o(Start) for Dummy_Handler


==============================================================================

Image Symbol Table

    Local Symbols

    Symbol Name                              Value     Ov Type        Size  Object(Section)

    RESET                                    0x00000000   Section      192  exercise 07.o(RESET)
    Exercise 07.s                            0x00000000   Number         0  exercise 07.o ABSOLUTE
    Start.s                                  0x00000000   Number         0  start.o ABSOLUTE
    .ARM.__at_0xC0                           0x000000c0   Section       64  start.o(.ARM.__at_0xC0)
    Start                                    0x00000100   Section      260  start.o(Start)
    MyConst                                  0x00000204   Section      184  exercise 07.o(MyConst)
    InitString                               0x00000204   Data          35  exercise 07.o(MyConst)
    Failure                                  0x00000227   Data          10  exercise 07.o(MyConst)
    Success                                  0x00000231   Data          10  exercise 07.o(MyConst)
    Ln                                       0x0000023b   Data           6  exercise 07.o(MyConst)
    Status                                   0x00000241   Data           8  exercise 07.o(MyConst)
    Help                                     0x00000249   Data          58  exercise 07.o(MyConst)
    OUT                                      0x00000283   Data           8  exercise 07.o(MyConst)
    Num                                      0x00000293   Data           6  exercise 07.o(MyConst)
    CTE                                      0x00000299   Data          22  exercise 07.o(MyConst)
    DQGDS                                    0x000002af   Data          10  exercise 07.o(MyConst)
    .ARM.__at_0x400                          0x00000400   Section       16  start.o(.ARM.__at_0x400)
    MyCode                                   0x00000410   Section     1104  exercise 07.o(MyCode)
    .ARM.__at_0x1FFFE000                     0x1fffe000   Section      256  start.o(.ARM.__at_0x1FFFE000)
    MyData                                   0x1fffe100   Section      104  exercise 07.o(MyData)
    QBuffer                                  0x1fffe100   Data           4  exercise 07.o(MyData)
    QRecord                                  0x1fffe104   Data          18  exercise 07.o(MyData)

    Global Symbols

    Symbol Name                              Value     Ov Type        Size  Object(Section)

    BuildAttributes$$THM_ISAv3M$S$PE$A:L22$X:L11$S22$IEEE1$IW$USESV6$~STKCKD$USESV7$~SHL$OSPACE$EBA8$STANDARDLIB$EABIv2 0x00000000   Number         0  anon$$obj.o ABSOLUTE
    __Vectors                                0x00000000   Data           0  exercise 07.o(RESET)
    __Vectors_End                            0x000000c0   Data           0  exercise 07.o(RESET)
    __Vectors_Size                           0x000000c0   Number         0  exercise 07.o ABSOLUTE
    Startup                                  0x00000101   Thumb Code     0  start.o(Start)
    Dummy_Handler                            0x000001e1   Thumb Code     0  start.o(Start)
    Reset_Handler                            0x00000411   Thumb Code     0  exercise 07.o(MyCode)
    __initial_sp                             0x1fffe100   Data           0  start.o(.ARM.__at_0x1FFFE000)



==============================================================================

Memory Map of the image

  Image Entry point : 0x00000411

  Load Region LR_IROM1 (Base: 0x00000000, Size: 0x000009c8, Max: 0x00040000, ABSOLUTE)

    Execution Region ER_IROM1 (Base: 0x00000000, Size: 0x00000860, Max: 0x00040000, ABSOLUTE)

    Base Addr    Size         Type   Attr      Idx    E Section Name        Object

    0x00000000   0x000000c0   Data   RO            2    RESET               exercise 07.o
    0x000000c0   0x00000040   Data   RO           10    .ARM.__at_0xC0      start.o
    0x00000100   0x00000104   Code   RO            9    Start               start.o
    0x00000204   0x000000b8   Data   RO            3    MyConst             exercise 07.o
    0x000002bc   0x00000144   PAD
    0x00000400   0x00000010   Code   RO           11    .ARM.__at_0x400     start.o
    0x00000410   0x00000450   Code   RO            1  * MyCode              exercise 07.o


    Execution Region RW_IRAM1 (Base: 0x1fffe000, Size: 0x00000168, Max: 0x00008000, ABSOLUTE)

    Base Addr    Size         Type   Attr      Idx    E Section Name        Object

    0x1fffe000   0x00000100   Data   RW           12    .ARM.__at_0x1FFFE000  start.o
    0x1fffe100   0x00000068   Data   RW            4    MyData              exercise 07.o


==============================================================================

Image component sizes


      Code (inc. data)   RO Data    RW Data    ZI Data      Debug   Object Name

      1104        134        376        104          0        696   exercise 07.o
       276         50         64        256          0        492   start.o

    ----------------------------------------------------------------------
      1380        184        764        360          0       1188   Object Totals
         0          0          0          0          0          0   (incl. Generated)
         0          0        324          0          0          0   (incl. Padding)

    ----------------------------------------------------------------------
         0          0          0          0          0          0   Library Totals
         0          0          0          0          0          0   (incl. Padding)

    ----------------------------------------------------------------------

==============================================================================


      Code (inc. data)   RO Data    RW Data    ZI Data      Debug   

      1380        184        764        360          0       1188   Grand Totals
      1380        184        764        360          0       1188   ELF Image Totals
      1380        184        764        360          0          0   ROM Totals

==============================================================================

    Total RO  Size (Code + RO Data)                 2144 (   2.09kB)
    Total RW  Size (RW Data + ZI Data)               360 (   0.35kB)
    Total ROM Size (Code + RO Data + RW Data)       2504 (   2.45kB)

==============================================================================

