Component: ARM Compiler 5.05 update 2 (build 169) Tool: armlink [4d0f33]

==============================================================================

Section Cross References

    exercise13.o(MyCode) refers to start.o(Start) for Startup
    exercise13.o(MyCode) refers to exercise13.o(MyData) for RunStopWatch
    exercise13.o(MyCode) refers to exercise13.o(MyConst) for InitString1
    exercise13.o(RESET) refers to start.o(.ARM.__at_0x1FFFE000) for __initial_sp
    exercise13.o(RESET) refers to exercise13.o(MyCode) for Reset_Handler
    exercise13.o(RESET) refers to start.o(Start) for Dummy_Handler


==============================================================================

Image Symbol Table

    Local Symbols

    Symbol Name                              Value     Ov Type        Size  Object(Section)

    RESET                                    0x00000000   Section      192  exercise13.o(RESET)
    Exercise13.s                             0x00000000   Number         0  exercise13.o ABSOLUTE
    Start.s                                  0x00000000   Number         0  start.o ABSOLUTE
    .ARM.__at_0xC0                           0x000000c0   Section       64  start.o(.ARM.__at_0xC0)
    Start                                    0x00000100   Section      260  start.o(Start)
    .ARM.__at_0x400                          0x00000400   Section       16  start.o(.ARM.__at_0x400)
    MyCode                                   0x00000410   Section     2460  exercise13.o(MyCode)
    PIT_ISR                                  0x00000811   Thumb Code     0  exercise13.o(MyCode)
    UART0_ISR                                0x00000c87   Thumb Code     0  exercise13.o(MyCode)
    MyConst                                  0x00000dac   Section      656  exercise13.o(MyConst)
    LoopString                               0x00000dac   Data           7  exercise13.o(MyConst)
    Entered                                  0x00000db3   Data          15  exercise13.o(MyConst)
    ScoreIs                                  0x00000dc2   Data          15  exercise13.o(MyConst)
    TimeUnit                                 0x00000dd1   Data           3  exercise13.o(MyConst)
    Wrong                                    0x00000dd4   Data          51  exercise13.o(MyConst)
    OutOfTime                                0x00000e07   Data          27  exercise13.o(MyConst)
    CorrectColor                             0x00000e22   Data          27  exercise13.o(MyConst)
    None_Word                                0x00000e3d   Data           6  exercise13.o(MyConst)
    Green_Word                               0x00000e43   Data           6  exercise13.o(MyConst)
    Red_Word                                 0x00000e49   Data           6  exercise13.o(MyConst)
    Both_Word                                0x00000e4f   Data           6  exercise13.o(MyConst)
    Congradulations                          0x00000e55   Data          52  exercise13.o(MyConst)
    FinishedWith                             0x00000e89   Data          42  exercise13.o(MyConst)
    PlayAgain                                0x00000eb3   Data          34  exercise13.o(MyConst)
    Quiting                                  0x00000ed5   Data           9  exercise13.o(MyConst)
    InitString1                              0x00000f01   Data          52  exercise13.o(MyConst)
    InitString2                              0x00000f35   Data          52  exercise13.o(MyConst)
    THEGAME1                                 0x00000f69   Data          45  exercise13.o(MyConst)
    THEGAME2                                 0x00000f96   Data          30  exercise13.o(MyConst)
    THEGAME3                                 0x00000fb4   Data          30  exercise13.o(MyConst)
    THEGAME4                                 0x00000fd2   Data          30  exercise13.o(MyConst)
    THEGAME5                                 0x00000ff0   Data          30  exercise13.o(MyConst)
    THEGAME6                                 0x0000100e   Data          39  exercise13.o(MyConst)
    GO                                       0x00001035   Data           4  exercise13.o(MyConst)
    .ARM.__at_0x1FFFE000                     0x1fffe000   Section      256  start.o(.ARM.__at_0x1FFFE000)
    MyData                                   0x1fffe100   Section      356  exercise13.o(MyData)
    LED_Color                                0x1fffe100   Data           4  exercise13.o(MyData)
    Score                                    0x1fffe104   Data           4  exercise13.o(MyData)
    Time_Requirment                          0x1fffe108   Data           4  exercise13.o(MyData)
    Random                                   0x1fffe10c   Data          16  exercise13.o(MyData)
    RxQBuffer                                0x1fffe134   Data          80  exercise13.o(MyData)
    RxQRecord                                0x1fffe184   Data          18  exercise13.o(MyData)
    TxQBuffer                                0x1fffe198   Data          80  exercise13.o(MyData)
    TxQRecord                                0x1fffe1e8   Data          18  exercise13.o(MyData)
    Round_Number                             0x1fffe200   Data           4  exercise13.o(MyData)
    Round_Number_Prev                        0x1fffe204   Data           4  exercise13.o(MyData)
    LED_Choice                               0x1fffe208   Data           4  exercise13.o(MyData)
    Count                                    0x1fffe20c   Data           4  exercise13.o(MyData)
    RunStopWatch                             0x1fffe210   Data           1  exercise13.o(MyData)

    Global Symbols

    Symbol Name                              Value     Ov Type        Size  Object(Section)

    BuildAttributes$$THM_ISAv3M$S$PE$A:L22$X:L11$S22$IEEE1$IW$USESV6$~STKCKD$USESV7$~SHL$OSPACE$EBA8$STANDARDLIB$EABIv2 0x00000000   Number         0  anon$$obj.o ABSOLUTE
    __Vectors                                0x00000000   Data           0  exercise13.o(RESET)
    __Vectors_End                            0x000000c0   Data           0  exercise13.o(RESET)
    __Vectors_Size                           0x000000c0   Number         0  exercise13.o ABSOLUTE
    Startup                                  0x00000101   Thumb Code     0  start.o(Start)
    Dummy_Handler                            0x000001e1   Thumb Code     0  start.o(Start)
    Reset_Handler                            0x00000411   Thumb Code     0  exercise13.o(MyCode)
    __initial_sp                             0x1fffe100   Data           0  start.o(.ARM.__at_0x1FFFE000)



==============================================================================

Memory Map of the image

  Image Entry point : 0x00000411

  Load Region LR_IROM1 (Base: 0x00000000, Size: 0x000012a0, Max: 0x00040000, ABSOLUTE)

    Execution Region ER_IROM1 (Base: 0x00000000, Size: 0x0000103c, Max: 0x00040000, ABSOLUTE)

    Base Addr    Size         Type   Attr      Idx    E Section Name        Object

    0x00000000   0x000000c0   Data   RO           12    RESET               exercise13.o
    0x000000c0   0x00000040   Data   RO            2    .ARM.__at_0xC0      start.o
    0x00000100   0x00000104   Code   RO            1    Start               start.o
    0x00000204   0x000001fc   PAD
    0x00000400   0x00000010   Code   RO            3    .ARM.__at_0x400     start.o
    0x00000410   0x0000099c   Code   RO           11  * MyCode              exercise13.o
    0x00000dac   0x00000290   Data   RO           13    MyConst             exercise13.o


    Execution Region RW_IRAM1 (Base: 0x1fffe000, Size: 0x00000264, Max: 0x00008000, ABSOLUTE)

    Base Addr    Size         Type   Attr      Idx    E Section Name        Object

    0x1fffe000   0x00000100   Data   RW            4    .ARM.__at_0x1FFFE000  start.o
    0x1fffe100   0x00000164   Data   RW           14    MyData              exercise13.o


==============================================================================

Image component sizes


      Code (inc. data)   RO Data    RW Data    ZI Data      Debug   Object Name

      2460        484        848        356          0       1168   exercise13.o
       276         50         64        256          0        524   start.o

    ----------------------------------------------------------------------
      3244       1042        912        612          0       1692   Object Totals
         0          0          0          0          0          0   (incl. Generated)
       508        508          0          0          0          0   (incl. Padding)

    ----------------------------------------------------------------------
         0          0          0          0          0          0   Library Totals
         0          0          0          0          0          0   (incl. Padding)

    ----------------------------------------------------------------------

==============================================================================


      Code (inc. data)   RO Data    RW Data    ZI Data      Debug   

      3244       1042        912        612          0       1692   Grand Totals
      3244       1042        912        612          0       1692   ELF Image Totals
      3244       1042        912        612          0          0   ROM Totals

==============================================================================

    Total RO  Size (Code + RO Data)                 4156 (   4.06kB)
    Total RW  Size (RW Data + ZI Data)               612 (   0.60kB)
    Total ROM Size (Code + RO Data + RW Data)       4768 (   4.66kB)

==============================================================================

