


ARM Macro Assembler    Page 1 Program Title for Listing Header Goes Here


    1 00000000                 TTL              Program Title for Listing Header Goes Here
    2 00000000         ;****************************************************************
    3 00000000         ;Descriptive comment header goes here.
    4 00000000         ;(What does the program do?)
    5 00000000         ;Name:  Joel Yuhas
    6 00000000         ;Date:  2/4/2016
    7 00000000         ;Class:  CMPE-250
    8 00000000         ;Section:  Lab 2, thursday, 2:00-3:50
    9 00000000         ;---------------------------------------------------------------
   10 00000000         ;Keil Simulator Template for KL46
   11 00000000         ;R. W. Melton
   12 00000000         ;January 23, 2015
   13 00000000         ;****************************************************************
   14 00000000         ;Assembler directives
   15 00000000                 THUMB
   17 00000000         ;****************************************************************
   18 00000000         ;EQUates
   19 00000000 00000002 
                       DIV4    EQU              2
   20 00000000 00000001 
                       MULT2   EQU              1
   21 00000000 00000002 
                       MULT4   EQU              2
   22 00000000 00000003 
                       MULT8   EQU              3
   23 00000000 00000018 
                       LEFT_SHIFT
                               EQU              24
   24 00000000         
   25 00000000         ;Vectors
   26 00000000 000000C0 
                       VECTOR_TABLE_SIZE
                               EQU              0x000000C0
   27 00000000 00000004 
                       VECTOR_SIZE
                               EQU              4           ;Bytes per vector
   28 00000000         ;Stack
   29 00000000 00000100 
                       SSTACK_SIZE
                               EQU              0x00000100
   30 00000000         ;****************************************************************
   31 00000000         ;Program



ARM Macro Assembler    Page 2 Program Title for Listing Header Goes Here


   32 00000000         ;Linker requires Reset_Handler
   33 00000000                 AREA             MyCode,CODE,READONLY
   34 00000000                 ENTRY
   35 00000000                 EXPORT           Reset_Handler
   36 00000000         Reset_Handler
   37 00000000         main
   38 00000000         ;---------------------------------------------------------------
   39 00000000         ;>>>>> begin main program code <<<<<
   40 00000000         
   41 00000000 483E            LDR              R0,=P
   42 00000002 6801            LDR              R1,[R0,#0]
   43 00000004         
   44 00000004 483E            LDR              R0,=Q
   45 00000006 6802            LDR              R2,[R0,#0]
   46 00000008         
   47 00000008 483E            LDR              R0,=R
   48 0000000A 6803            LDR              R3,[R0,#0]
   49 0000000C         
   50 0000000C         
   51 0000000C         
   52 0000000C         
   53 0000000C 2480            MOVS             R4,#128
   54 0000000E         
   55 0000000E         
   56 0000000E         ;PPPPPPPPPPPPPPPPPPPPPPPPPPPPPPPPPPPPPPPPPPPPPPPPPPPPPPPPPPPPP   
   57 0000000E         
   58 0000000E         
   59 0000000E 004D            LSLS             R5,R1,#MULT2 ; 2P
   60 00000010         
   61 00000010 2D7F            CMP              R5,#127     ; check above
   62 00000012 DC6B            BGT              F_OVER
   63 00000014 42E5            CMN              R5,R4       ; check below
   64 00000016 DB69            BLT              F_OVER
   65 00000018         
   66 00000018         
   67 00000018         
   68 00000018         
   69 00000018 0056            LSLS             R6,R2,#MULT2 ; 2Q
   70 0000001A 18B6            ADDS             R6,R6,R2    ; 3Q
   71 0000001C         
   72 0000001C 2E7F            CMP              R6,#127     ; check above
   73 0000001E DC65            BGT              F_OVER



ARM Macro Assembler    Page 3 Program Title for Listing Header Goes Here


   74 00000020 42E6            CMN              R6,R4       ; check below
   75 00000022 DB63            BLT              F_OVER
   76 00000024         
   77 00000024         
   78 00000024         
   79 00000024         
   80 00000024 1BAD            SUBS             R5,R5,R6    ; 2P-3Q
   81 00000026         
   82 00000026 2D7F            CMP              R5,#127     ; check above
   83 00000028 DC60            BGT              F_OVER
   84 0000002A 42E5            CMN              R5,R4       ; check below
   85 0000002C DB5E            BLT              F_OVER
   86 0000002E         
   87 0000002E         
   88 0000002E         
   89 0000002E 18ED            ADDS             R5,R5,R3    ; 2P-3Q+R 
   90 00000030         
   91 00000030 2D7F            CMP              R5,#127     ; check above
   92 00000032 DC5B            BGT              F_OVER
   93 00000034 42E5            CMN              R5,R4       ; check below
   94 00000036 DB59            BLT              F_OVER
   95 00000038         
   96 00000038         
   97 00000038 4833            LDR              R0,=const_F
   98 0000003A 6800            LDR              R0,[R0,#0]
   99 0000003C         
  100 0000003C 182D            ADDS             R5,R5,R0    ; 2P-3Q+R+const_F
  101 0000003E         
  102 0000003E 2D7F            CMP              R5,#127     ; check above
  103 00000040 DC54            BGT              F_OVER
  104 00000042 42E5            CMN              R5,R4       ; check below
  105 00000044 DB52            BLT              F_OVER
  106 00000046         
  107 00000046         
  108 00000046         
  109 00000046 4831    F_TO_MEMORY
                               LDR              R0,=F
  110 00000048 6005            STR              R5,[R0,#0]
  111 0000004A         
  112 0000004A         ;GGGGGGGGGGGGGGGGGGGGGGGGGGGGGGGGGGGGGGGGGGGGG
  113 0000004A         
  114 0000004A 0609            LSLS             R1,R1,#LEFT_SHIFT



ARM Macro Assembler    Page 4 Program Title for Listing Header Goes Here


  115 0000004C 0612            LSLS             R2,R2,#LEFT_SHIFT
  116 0000004E 061B            LSLS             R3,R3,#LEFT_SHIFT
  117 00000050         
  118 00000050         
  119 00000050         
  120 00000050 008E            LSLS             R6,R1,#MULT4 ; 4P
  121 00000052 1636            ASRS             R6,R6,#LEFT_SHIFT ; Shifing back 
  122 00000054 2E7F            CMP              R6,#127     ; check above
  123 00000056 DC4B            BGT              G_OVER
  124 00000058 42E6            CMN              R6,R4       ; check below
  125 0000005A DB49            BLT              G_OVER
  126 0000005C 0636            LSLS             R6,R6,#LEFT_SHIFT ; Shifting back agian, check over
  127 0000005E         
  128 0000005E         
  129 0000005E 1876            ADDS             R6,R6,R1    ; 5P 
  130 00000060 D646            BVS              G_OVER      ; Checks if over
  131 00000062         
  132 00000062         
  133 00000062         
  134 00000062         
  135 00000062 0097            LSLS             R7,R2,#MULT4 ; 4Q
  136 00000064 163F            ASRS             R7,R7,#LEFT_SHIFT ; Shifing back 
  137 00000066 2F7F            CMP              R7,#127     ; check above
  138 00000068 DC42            BGT              G_OVER
  139 0000006A 42E7            CMN              R7,R4       ; check below
  140 0000006C DB40            BLT              G_OVER
  141 0000006E 063F            LSLS             R7,R7,#LEFT_SHIFT ; Shifting back agian, check over
  142 00000070         
  143 00000070         
  144 00000070 1BF6            SUBS             R6,R6,R7    ; 5P-4Q
  145 00000072 D63D            BVS              G_OVER      ; Checks if over
  146 00000074         
  147 00000074         
  148 00000074         
  149 00000074         
  150 00000074 005F            LSLS             R7,R3,#MULT2 ; 2R
  151 00000076 163F            ASRS             R7,R7,#LEFT_SHIFT ; Shifing back 
  152 00000078 2F7F            CMP              R7,#127     ; check above
  153 0000007A DC39            BGT              G_OVER
  154 0000007C 42E7            CMN              R7,R4       ; check below
  155 0000007E DB37            BLT              G_OVER
  156 00000080 063F            LSLS             R7,R7,#LEFT_SHIFT ; Shifting back agian



ARM Macro Assembler    Page 5 Program Title for Listing Header Goes Here


  157 00000082         
  158 00000082 1BF6            SUBS             R6,R6,R7    ; 5P-4Q-2R
  159 00000084 D634            BVS              G_OVER      ; Checks if over
  160 00000086         
  161 00000086         
  162 00000086 4822            LDR              R0,=const_G
  163 00000088 6800            LDR              R0,[R0,#0]
  164 0000008A         
  165 0000008A 0600            LSLS             R0,R0,#LEFT_SHIFT
  166 0000008C 1836            ADDS             R6,R6,R0    ; 5P-4Q-2R + const_G
  167 0000008E D62F            BVS              G_OVER      ; Checks if over
  168 00000090 1600            ASRS             R0,R0,#LEFT_SHIFT
  169 00000092         
  170 00000092         
  171 00000092         
  172 00000092         G_TO_MEMORY
  173 00000092         
  174 00000092 1609            ASRS             R1,R1,#LEFT_SHIFT
  175 00000094 1612            ASRS             R2,R2,#LEFT_SHIFT
  176 00000096 161B            ASRS             R3,R3,#LEFT_SHIFT
  177 00000098         
  178 00000098         
  179 00000098 1636            ASRS             R6,R6,#LEFT_SHIFT
  180 0000009A 163F            ASRS             R7,R7,#LEFT_SHIFT
  181 0000009C         ;ASRS R5,R5,#LEFT_SHIFT
  182 0000009C         
  183 0000009C         
  184 0000009C 481D            LDR              R0,=G
  185 0000009E 6006            STR              R6,[R0,#0]
  186 000000A0         
  187 000000A0         ;HHHHHHHHHHHHHHHHHHHHHHHHHHHHHHHHHHHHHHHHHHHHHHHHHHHHHHHHHHHHHH
  188 000000A0         
  189 000000A0 000F            MOVS             R7,R1       ; P
  190 000000A2         
  191 000000A2         
  192 000000A2 0051            LSLS             R1,R2,#MULT2 ; 2Q
  193 000000A4 297F            CMP              R1,#127     ; check above
  194 000000A6 DC25            BGT              H_OVER
  195 000000A8 42E1            CMN              R1,R4       ; check below
  196 000000AA DB23            BLT              H_OVER
  197 000000AC         
  198 000000AC         



ARM Macro Assembler    Page 6 Program Title for Listing Header Goes Here


  199 000000AC 1A7F            SUBS             R7,R7,R1    ; P-2Q
  200 000000AE 2F7F            CMP              R7,#127     ; check above
  201 000000B0 DC20            BGT              H_OVER
  202 000000B2 42E7            CMN              R7,R4       ; check below
  203 000000B4 DB1E            BLT              H_OVER
  204 000000B6         
  205 000000B6         
  206 000000B6 18FF            ADDS             R7,R7,R3    ; P-2Q+R
  207 000000B8 2F7F            CMP              R7,#127     ; check above
  208 000000BA DC1B            BGT              H_OVER
  209 000000BC 42E7            CMN              R7,R4       ; check below
  210 000000BE DB19            BLT              H_OVER
  211 000000C0         
  212 000000C0         
  213 000000C0 4815            LDR              R0,=const_H
  214 000000C2 6800            LDR              R0,[R0,#0]
  215 000000C4         
  216 000000C4 183F            ADDS             R7,R7,R0    ; P-2Q+R-91
  217 000000C6 2F7F            CMP              R7,#127     ; check above
  218 000000C8 DC14            BGT              H_OVER
  219 000000CA 42E7            CMN              R7,R4       ; check below
  220 000000CC DB12            BLT              H_OVER
  221 000000CE         
  222 000000CE         
  223 000000CE 4813    H_TO_MEMORY
                               LDR              R0,=H
  224 000000D0 6007            STR              R7,[R0,#0]
  225 000000D2         
  226 000000D2         ;RESULTRESULTRESULTRESULTRESULTRESULTRESULTRESULTRESULTRESULTRESULT
  227 000000D2         
  228 000000D2 19AA            ADDS             R2,R5,R6    ; F+G
  229 000000D4 2A7F            CMP              R2,#127     ; check above
  230 000000D6 DC0F            BGT              RES_OVER
  231 000000D8 42E2            CMN              R2,R4       ; check below
  232 000000DA DB0D            BLT              RES_OVER
  233 000000DC         
  234 000000DC 19D2            ADDS             R2,R2,R7    ; F+G+H
  235 000000DE 2A7F            CMP              R2,#127     ; check above
  236 000000E0 DC0A            BGT              RES_OVER
  237 000000E2 42E2            CMN              R2,R4       ; check below
  238 000000E4 DB08            BLT              RES_OVER
  239 000000E6         



ARM Macro Assembler    Page 7 Program Title for Listing Header Goes Here


  240 000000E6         
  241 000000E6         
  242 000000E6         
  243 000000E6         
  244 000000E6         
  245 000000E6         
  246 000000E6         
  247 000000E6         
  248 000000E6 480E    RES_TO_MEMORY
                               LDR              R0,=Result
  249 000000E8 6002            STR              R2,[R0,#0]
  250 000000EA         
  251 000000EA         
  252 000000EA         
  253 000000EA         
  254 000000EA         
  255 000000EA         
  256 000000EA         
  257 000000EA         
  258 000000EA         ;>>>>>   end main program code <<<<<
  259 000000EA         ;Stay here
  260 000000EA E7FE            B                .
  261 000000EC         
  262 000000EC 2500    F_OVER  MOVS             R5,#0
  263 000000EE E7AA            B                F_TO_MEMORY
  264 000000F0         
  265 000000F0 2600    G_OVER  MOVS             R6,#0
  266 000000F2 E7CE            B                G_TO_MEMORY
  267 000000F4         
  268 000000F4 2700    H_OVER  MOVS             R7,#0
  269 000000F6 E7EA            B                H_TO_MEMORY
  270 000000F8         
  271 000000F8 2200    RES_OVER
                               MOVS             R2,#0
  272 000000FA E7F4            B                RES_TO_MEMORY
  273 000000FC         ;---------------------------------------------------------------
  274 000000FC         ;>>>>> begin subroutine code <<<<<
  275 000000FC         ;>>>>>   end subroutine code <<<<<
  276 000000FC                 ALIGN
  277 000000FC         ;****************************************************************
  278 000000FC         ;Vector Table Mapped to Address 0 at Reset
  279 000000FC         ;Linker requires __Vectors to be exported



ARM Macro Assembler    Page 8 Program Title for Listing Header Goes Here


  280 000000FC 00000000 
              00000000 
              00000000 
              00000000 
              00000000 
              00000000 
              00000000 
              00000000 
              00000000 
              00000000         AREA             RESET, DATA, READONLY
  281 00000000                 EXPORT           __Vectors
  282 00000000                 EXPORT           __Vectors_End
  283 00000000                 EXPORT           __Vectors_Size
  284 00000000         __Vectors
  285 00000000         ;ARM core vectors
  286 00000000 00000000        DCD              __initial_sp ;00:end of stack
  287 00000004 00000000        DCD              Reset_Handler ;reset vector
  288 00000008 00 00 00 
              00 00 00 
              00 00 00 
              00 00 00 
              00 00 00 
              00 00 00 
              00 00 00 
              00 00 00 
              00 00 00 
              00 00 00 
              00 00 00 
              00 00 00 
              00 00 00 
              00 00 00 
              00 00 00 
              00 00 00 
              00 00 00 
              00 00 00 
              00 00 00 
              00 00 00 
              00 00 00 
              00 00 00 
              00 00 00 
              00 00 00 
              00 00 00 



ARM Macro Assembler    Page 9 Program Title for Listing Header Goes Here


              00 00 00 
              00 00 00 
              00 00 00 
              00 00 00 
              00 00 00 
              00 00 00 
              00 00 00 
              00 00 00 
              00 00 00 
              00 00 00 
              00 00 00 
              00 00 00 
              00 00 00 
              00 00 00 
              00 00 00 
              00 00 00 
              00 00 00 
              00 00 00 
              00 00 00 
              00 00 00 
              00 00 00 
              00 00 00 
              00 00 00 
              00 00 00 
              00 00 00 
              00 00 00 
              00 00 00 
              00 00 00 
              00 00 00 
              00 00 00 
              00 00 00 
              00 00 00 
              00 00 00 
              00 00 00 
              00 00 00 
              00 00 00 
              00               SPACE            (VECTOR_TABLE_SIZE - (2 * VECTOR_SIZE))
  289 000000C0         __Vectors_End
  290 000000C0 000000C0 
                       __Vectors_Size
                               EQU              __Vectors_End - __Vectors
  291 000000C0                 ALIGN



ARM Macro Assembler    Page 10 Program Title for Listing Header Goes Here


  292 000000C0         ;****************************************************************
  293 000000C0         ;Constants
  294 000000C0         
  295 000000C0                 AREA             MyConst,DATA,READONLY
  296 00000000         ;>>>>> begin constants here <<<<<
  297 00000000 00000033 
                       const_F DCD              51
  298 00000004 00000007 
                       const_G DCD              7
  299 00000008 FFFFFFA5 
                       const_H DCD              -91
  300 0000000C         ;>>>>>   end constants here <<<<<
  301 0000000C         ;****************************************************************
  302 0000000C                 AREA             |.ARM.__at_0x1FFFE000|,DATA,READWRITE,ALIGN=3
  303 00000000                 EXPORT           __initial_sp
  304 00000000         ;Allocate system stack
  305 00000000                 IF               :LNOT::DEF:SSTACK_SIZE
  307                          ENDIF
  308 00000000 00 00 00 
              00 00 00 
              00 00 00 
              00 00 00 
              00 00 00 
              00 00 00 
              00 00 00 
              00 00 00 
              00 00 00 
              00 00 00 
              00 00 00 
              00 00 00 
              00 00 00 
              00 00 00 
              00 00 00 
              00 00 00 
              00 00 00 
              00 00 00 
              00 00 00 
              00 00 00 
              00 00 00 
              00 00 00 
              00 00 00 
              00 00 00 



ARM Macro Assembler    Page 11 Program Title for Listing Header Goes Here


              00 00 00 
              00 00 00 
              00 00 00 
              00 00 00 
              00 00 00 
              00 00 00 
              00 00 00 
              00 00 00 
              00 00 00 
              00 00 00 
              00 00 00 
              00 00 00 
              00 00 00 
              00 00 00 
              00 00 00 
              00 00 00 
              00 00 00 
              00 00 00 
              00 00 00 
              00 00 00 
              00 00 00 
              00 00 00 
              00 00 00 
              00 00 00 
              00 00 00 
              00 00 00 
              00 00 00 
              00 00 00 
              00 00 00 
              00 00 00 
              00 00 00 
              00 00 00 
              00 00 00 
              00 00 00 
              00 00 00 
              00 00 00 
              00 00 00 
              00 00 00 
              00 00 00 
              00 00 00 
              00 00 00 
              00 00 00 



ARM Macro Assembler    Page 12 Program Title for Listing Header Goes Here


              00 00 00 
              00 00 00 
              00 00 00 
              00 00 00 
              00 00 00 
              00 00 00 
              00 00 00 
              00 00 00 
              00 00 00 
              00 00 00 
              00 00 00 
              00 00 00 
              00 00 00 
              00 00 00 
              00 00 00 
              00 00 00 
              00 00 00 
              00 00 00 
              00 00 00 
              00       Stack_Mem
                               SPACE            SSTACK_SIZE
  309 00000100         __initial_sp
  310 00000100         ;****************************************************************
  311 00000100         ;Variables
  312 00000100                 AREA             MyData,DATA,READWRITE
  313 00000000         ;>>>>> begin variables here <<<<<
  314 00000000 00 00 00 
              00       F       SPACE            4
  315 00000004 00 00 00 
              00       G       SPACE            4
  316 00000008 00 00 00 
              00       H       SPACE            4
  317 0000000C 00 00 00 
              00       P       SPACE            4
  318 00000010 00 00 00 
              00       Q       SPACE            4
  319 00000014 00 00 00 
              00       R       SPACE            4
  320 00000018 00 00 00 
              00       Result  SPACE            4
  321 0000001C         ;>>>>>   end variables here <<<<<
  322 0000001C                 END



ARM Macro Assembler    Page 13 Program Title for Listing Header Goes Here


Command Line: --debug --xref --length=49 --width=120 --diag_suppress=9931 --cpu=Cortex-M0+ --apcs=interwork --depend=.\o
bjects\exercise03.d -o.\objects\exercise03.o -ID:\Lab3\RTE -IC:\Keil_v5\ARM\PACK\Keil\Kinetis_KLxx_DFP\1.6.0\Device\Incl
ude -IC:\Keil_v5\ARM\CMSIS\Include --predefine="__UVISION_VERSION SETA 515" --predefine="MKL46Z256xxx4 SETA 1" --list=.\
listings\exercise03.lst Exercise03.s



ARM Macro Assembler    Page 1 Alphabetic symbol ordering
Relocatable symbols

F_OVER 000000EC

Symbol: F_OVER
   Definitions
      At line 262 in file Exercise03.s
   Uses
      At line 62 in file Exercise03.s
      At line 64 in file Exercise03.s
      At line 73 in file Exercise03.s
      At line 75 in file Exercise03.s
      At line 83 in file Exercise03.s
      At line 85 in file Exercise03.s
      At line 92 in file Exercise03.s
      At line 94 in file Exercise03.s
      At line 103 in file Exercise03.s
      At line 105 in file Exercise03.s

F_TO_MEMORY 00000046

Symbol: F_TO_MEMORY
   Definitions
      At line 109 in file Exercise03.s
   Uses
      At line 263 in file Exercise03.s
Comment: F_TO_MEMORY used once
G_OVER 000000F0

Symbol: G_OVER
   Definitions
      At line 265 in file Exercise03.s
   Uses
      At line 123 in file Exercise03.s
      At line 125 in file Exercise03.s
      At line 130 in file Exercise03.s
      At line 138 in file Exercise03.s
      At line 140 in file Exercise03.s
      At line 145 in file Exercise03.s
      At line 153 in file Exercise03.s
      At line 155 in file Exercise03.s
      At line 159 in file Exercise03.s
      At line 167 in file Exercise03.s




ARM Macro Assembler    Page 2 Alphabetic symbol ordering
Relocatable symbols

G_TO_MEMORY 00000092

Symbol: G_TO_MEMORY
   Definitions
      At line 172 in file Exercise03.s
   Uses
      At line 266 in file Exercise03.s
Comment: G_TO_MEMORY used once
H_OVER 000000F4

Symbol: H_OVER
   Definitions
      At line 268 in file Exercise03.s
   Uses
      At line 194 in file Exercise03.s
      At line 196 in file Exercise03.s
      At line 201 in file Exercise03.s
      At line 203 in file Exercise03.s
      At line 208 in file Exercise03.s
      At line 210 in file Exercise03.s
      At line 218 in file Exercise03.s
      At line 220 in file Exercise03.s

H_TO_MEMORY 000000CE

Symbol: H_TO_MEMORY
   Definitions
      At line 223 in file Exercise03.s
   Uses
      At line 269 in file Exercise03.s
Comment: H_TO_MEMORY used once
MyCode 00000000

Symbol: MyCode
   Definitions
      At line 33 in file Exercise03.s
   Uses
      None
Comment: MyCode unused
RES_OVER 000000F8

Symbol: RES_OVER



ARM Macro Assembler    Page 3 Alphabetic symbol ordering
Relocatable symbols

   Definitions
      At line 271 in file Exercise03.s
   Uses
      At line 230 in file Exercise03.s
      At line 232 in file Exercise03.s
      At line 236 in file Exercise03.s
      At line 238 in file Exercise03.s

RES_TO_MEMORY 000000E6

Symbol: RES_TO_MEMORY
   Definitions
      At line 248 in file Exercise03.s
   Uses
      At line 272 in file Exercise03.s
Comment: RES_TO_MEMORY used once
Reset_Handler 00000000

Symbol: Reset_Handler
   Definitions
      At line 36 in file Exercise03.s
   Uses
      At line 35 in file Exercise03.s
      At line 287 in file Exercise03.s

main 00000000

Symbol: main
   Definitions
      At line 37 in file Exercise03.s
   Uses
      None
Comment: main unused
11 symbols



ARM Macro Assembler    Page 1 Alphabetic symbol ordering
Relocatable symbols

RESET 00000000

Symbol: RESET
   Definitions
      At line 280 in file Exercise03.s
   Uses
      None
Comment: RESET unused
__Vectors 00000000

Symbol: __Vectors
   Definitions
      At line 284 in file Exercise03.s
   Uses
      At line 281 in file Exercise03.s
      At line 290 in file Exercise03.s

__Vectors_End 000000C0

Symbol: __Vectors_End
   Definitions
      At line 289 in file Exercise03.s
   Uses
      At line 282 in file Exercise03.s
      At line 290 in file Exercise03.s

3 symbols



ARM Macro Assembler    Page 1 Alphabetic symbol ordering
Relocatable symbols

MyConst 00000000

Symbol: MyConst
   Definitions
      At line 295 in file Exercise03.s
   Uses
      None
Comment: MyConst unused
const_F 00000000

Symbol: const_F
   Definitions
      At line 297 in file Exercise03.s
   Uses
      At line 97 in file Exercise03.s
Comment: const_F used once
const_G 00000004

Symbol: const_G
   Definitions
      At line 298 in file Exercise03.s
   Uses
      At line 162 in file Exercise03.s
Comment: const_G used once
const_H 00000008

Symbol: const_H
   Definitions
      At line 299 in file Exercise03.s
   Uses
      At line 213 in file Exercise03.s
Comment: const_H used once
4 symbols



ARM Macro Assembler    Page 1 Alphabetic symbol ordering
Relocatable symbols

.ARM.__at_0x1FFFE000 00000000

Symbol: .ARM.__at_0x1FFFE000
   Definitions
      At line 302 in file Exercise03.s
   Uses
      None
Comment: .ARM.__at_0x1FFFE000 unused
Stack_Mem 00000000

Symbol: Stack_Mem
   Definitions
      At line 308 in file Exercise03.s
   Uses
      None
Comment: Stack_Mem unused
__initial_sp 00000100

Symbol: __initial_sp
   Definitions
      At line 309 in file Exercise03.s
   Uses
      At line 286 in file Exercise03.s
      At line 303 in file Exercise03.s

3 symbols



ARM Macro Assembler    Page 1 Alphabetic symbol ordering
Relocatable symbols

F 00000000

Symbol: F
   Definitions
      At line 314 in file Exercise03.s
   Uses
      At line 109 in file Exercise03.s
Comment: F used once
G 00000004

Symbol: G
   Definitions
      At line 315 in file Exercise03.s
   Uses
      At line 184 in file Exercise03.s
Comment: G used once
H 00000008

Symbol: H
   Definitions
      At line 316 in file Exercise03.s
   Uses
      At line 223 in file Exercise03.s
Comment: H used once
MyData 00000000

Symbol: MyData
   Definitions
      At line 312 in file Exercise03.s
   Uses
      None
Comment: MyData unused
P 0000000C

Symbol: P
   Definitions
      At line 317 in file Exercise03.s
   Uses
      At line 41 in file Exercise03.s
Comment: P used once
Q 00000010




ARM Macro Assembler    Page 2 Alphabetic symbol ordering
Relocatable symbols

Symbol: Q
   Definitions
      At line 318 in file Exercise03.s
   Uses
      At line 44 in file Exercise03.s
Comment: Q used once
R 00000014

Symbol: R
   Definitions
      At line 319 in file Exercise03.s
   Uses
      At line 47 in file Exercise03.s
Comment: R used once
Result 00000018

Symbol: Result
   Definitions
      At line 320 in file Exercise03.s
   Uses
      At line 248 in file Exercise03.s
Comment: Result used once
8 symbols



ARM Macro Assembler    Page 1 Alphabetic symbol ordering
Absolute symbols

DIV4 00000002

Symbol: DIV4
   Definitions
      At line 19 in file Exercise03.s
   Uses
      None
Comment: DIV4 unused
LEFT_SHIFT 00000018

Symbol: LEFT_SHIFT
   Definitions
      At line 23 in file Exercise03.s
   Uses
      At line 114 in file Exercise03.s
      At line 115 in file Exercise03.s
      At line 116 in file Exercise03.s
      At line 121 in file Exercise03.s
      At line 126 in file Exercise03.s
      At line 136 in file Exercise03.s
      At line 141 in file Exercise03.s
      At line 151 in file Exercise03.s
      At line 156 in file Exercise03.s
      At line 165 in file Exercise03.s
      At line 168 in file Exercise03.s
      At line 174 in file Exercise03.s
      At line 175 in file Exercise03.s
      At line 176 in file Exercise03.s
      At line 179 in file Exercise03.s
      At line 180 in file Exercise03.s

MULT2 00000001

Symbol: MULT2
   Definitions
      At line 20 in file Exercise03.s
   Uses
      At line 59 in file Exercise03.s
      At line 69 in file Exercise03.s
      At line 150 in file Exercise03.s
      At line 192 in file Exercise03.s




ARM Macro Assembler    Page 2 Alphabetic symbol ordering
Absolute symbols

MULT4 00000002

Symbol: MULT4
   Definitions
      At line 21 in file Exercise03.s
   Uses
      At line 120 in file Exercise03.s
      At line 135 in file Exercise03.s

MULT8 00000003

Symbol: MULT8
   Definitions
      At line 22 in file Exercise03.s
   Uses
      None
Comment: MULT8 unused
SSTACK_SIZE 00000100

Symbol: SSTACK_SIZE
   Definitions
      At line 29 in file Exercise03.s
   Uses
      At line 308 in file Exercise03.s
Comment: SSTACK_SIZE used once
VECTOR_SIZE 00000004

Symbol: VECTOR_SIZE
   Definitions
      At line 27 in file Exercise03.s
   Uses
      At line 288 in file Exercise03.s
Comment: VECTOR_SIZE used once
VECTOR_TABLE_SIZE 000000C0

Symbol: VECTOR_TABLE_SIZE
   Definitions
      At line 26 in file Exercise03.s
   Uses
      At line 288 in file Exercise03.s
Comment: VECTOR_TABLE_SIZE used once
__Vectors_Size 000000C0



ARM Macro Assembler    Page 3 Alphabetic symbol ordering
Absolute symbols


Symbol: __Vectors_Size
   Definitions
      At line 290 in file Exercise03.s
   Uses
      At line 283 in file Exercise03.s
Comment: __Vectors_Size used once
9 symbols
372 symbols in table
